// Jest Snapshot v1, https://jestjs.io/docs/snapshot-testing

exports[`Navbar snapshot matches snapshot 1`] = `
<div>
  <nav
    style="padding: 12px; border-bottom: 1px solid rgb(204, 204, 204);"
  >
    <button>
      🌙 Dark
    </button>
    <button
      style="margin-left: 12px;"
    >
      Logout
    </button>
  </nav>
</div>
`;
